[    0.000000] Linux version 4.15.0-212-generic (buildd@lcy02-amd64-083) (gcc version 7.5.0 (Ubuntu 7.5.0-3ubuntu1~18.04)) #223-Ubuntu SMP Tue May 23 13:09:22 UTC 2023 (Ubuntu 4.15.0-212.223-generic 4.15.18)
[    0.000000] Command line: BOOT_IMAGE=/boot/vmlinuz-4.15.0-212-generic root=LABEL=cloudimg-rootfs ro console=tty1 console=ttyS0
[    0.000000] KERNEL supported cpus:
[    0.000000]   Intel GenuineIntel
[    0.000000]   AMD AuthenticAMD
[    0.000000]   Centaur CentaurHauls
[    0.000000] x86/fpu: x87 FPU will use FXSAVE
[    0.000000] e820: BIOS-provided physical RAM map:
[    0.000000] BIOS-e820: [mem 0x0000000000000000-0x000000000009fbff] usable
[    0.000000] BIOS-e820: [mem 0x000000000009fc00-0x000000000009ffff] reserved
[    0.000000] BIOS-e820: [mem 0x00000000000f0000-0x00000000000fffff] reserved
[    0.000000] BIOS-e820: [mem 0x0000000000100000-0x000000001ffeffff] usable
[    0.000000] BIOS-e820: [mem 0x000000001fff0000-0x000000001fffffff] ACPI data
[    0.000000] BIOS-e820: [mem 0x00000000fec00000-0x00000000fec00fff] reserved
[    0.000000] BIOS-e820: [mem 0x00000000fee00000-0x00000000fee00fff] reserved
[    0.000000] BIOS-e820: [mem 0x00000000fffc0000-0x00000000ffffffff] reserved
[    0.000000] NX (Execute Disable) protection: active
[    0.000000] SMBIOS 2.5 present.
[    0.000000] DMI: innotek GmbH VirtualBox/VirtualBox, BIOS VirtualBox 12/01/2006
[    0.000000] Hypervisor detected: KVM
[    0.000000] e820: last_pfn = 0x1fff0 max_arch_pfn = 0x400000000
[    0.000000] x86/PAT: Configuration [0-7]: WB  WC  UC- UC  WB  WP  UC- WT  
[    0.000000] CPU MTRRs all blank - virtualized system.
[    0.000000] found SMP MP-table at [mem 0x0009fbf0-0x0009fbff]
[    0.000000] Scanning 1 areas for low memory corruption
[    0.000000] RAMDISK: [mem 0x1db01000-0x1ee12fff]
[    0.000000] ACPI: Early table checksum verification disabled
[    0.000000] ACPI: RSDP 0x00000000000E0000 000024 (v02 VBOX  )
[    0.000000] ACPI: XSDT 0x000000001FFF0030 00003C (v01 VBOX   VBOXXSDT 00000001 ASL  00000061)
[    0.000000] ACPI: FACP 0x000000001FFF00F0 0000F4 (v04 VBOX   VBOXFACP 00000001 ASL  00000061)
[    0.000000] ACPI: DSDT 0x000000001FFF0610 002353 (v02 VBOX   VBOXBIOS 00000002 INTL 20100528)
[    0.000000] ACPI: FACS 0x000000001FFF0200 000040
[    0.000000] ACPI: FACS 0x000000001FFF0200 000040
[    0.000000] ACPI: APIC 0x000000001FFF0240 000054 (v02 VBOX   VBOXAPIC 00000001 ASL  00000061)
[    0.000000] ACPI: SSDT 0x000000001FFF02A0 00036C (v01 VBOX   VBOXCPUT 00000002 INTL 20100528)
[    0.000000] ACPI: Reserving FACP table memory at [mem 0x1fff00f0-0x1fff01e3]
[    0.000000] ACPI: Reserving DSDT table memory at [mem 0x1fff0610-0x1fff2962]
[    0.000000] ACPI: Reserving FACS table memory at [mem 0x1fff0200-0x1fff023f]
[    0.000000] ACPI: Reserving FACS table memory at [mem 0x1fff0200-0x1fff023f]
[    0.000000] ACPI: Reserving APIC table memory at [mem 0x1fff0240-0x1fff0293]
[    0.000000] ACPI: Reserving SSDT table memory at [mem 0x1fff02a0-0x1fff060b]
[    0.000000] No NUMA configuration found
[    0.000000] Faking a node at [mem 0x0000000000000000-0x000000001ffeffff]
[    0.000000] NODE_DATA(0) allocated [mem 0x1ffc5000-0x1ffeffff]
[    0.000000] kvm-clock: cpu 0, msr 0:1ff44001, primary cpu clock
[    0.000000] kvm-clock: Using msrs 4b564d01 and 4b564d00
[    0.000000] kvm-clock: using sched offset of 4193314411 cycles
[    0.000000] clocksource: kvm-clock: mask: 0xffffffffffffffff max_cycles: 0x1cd42e4dffb, max_idle_ns: 881590591483 ns
[    0.000000] Zone ranges:
[    0.000000]   DMA      [mem 0x0000000000001000-0x0000000000ffffff]
[    0.000000]   DMA32    [mem 0x0000000001000000-0x000000001ffeffff]
[    0.000000]   Normal   empty
[    0.000000]   Device   empty
[    0.000000] Movable zone start for each node
[    0.000000] Early memory node ranges
[    0.000000]   node   0: [mem 0x0000000000001000-0x000000000009efff]
[    0.000000]   node   0: [mem 0x0000000000100000-0x000000001ffeffff]
[    0.000000] Reserved but unavailable: 104 pages
[    0.000000] Initmem setup node 0 [mem 0x0000000000001000-0x000000001ffeffff]
[    0.000000] ACPI: PM-Timer IO Port: 0x4008
[    0.000000] IOAPIC[0]: apic_id 1, version 32, address 0xfec00000, GSI 0-23
[    0.000000] ACPI: INT_SRC_OVR (bus 0 bus_irq 0 global_irq 2 dfl dfl)
[    0.000000] ACPI: INT_SRC_OVR (bus 0 bus_irq 9 global_irq 9 low level)
[    0.000000] Using ACPI (MADT) for SMP configuration information
[    0.000000] smpboot: Allowing 1 CPUs, 0 hotplug CPUs
[    0.000000] PM: Registered nosave memory: [mem 0x00000000-0x00000fff]
[    0.000000] PM: Registered nosave memory: [mem 0x0009f000-0x0009ffff]
[    0.000000] PM: Registered nosave memory: [mem 0x000a0000-0x000effff]
[    0.000000] PM: Registered nosave memory: [mem 0x000f0000-0x000fffff]
[    0.000000] e820: [mem 0x20000000-0xfebfffff] available for PCI devices
[    0.000000] Booting paravirtualized kernel on KVM
[    0.000000] clocksource: refined-jiffies: mask: 0xffffffff max_cycles: 0xffffffff, max_idle_ns: 7645519600211568 ns
[    0.000000] setup_percpu: NR_CPUS:8192 nr_cpumask_bits:1 nr_cpu_ids:1 nr_node_ids:1
[    0.000000] percpu: Embedded 50 pages/cpu s167936 r8192 d28672 u2097152
[    0.000000] PV qspinlock hash table entries: 256 (order: 0, 4096 bytes)
[    0.000000] Built 1 zonelists, mobility grouping on.  Total pages: 128889
[    0.000000] Policy zone: DMA32
[    0.000000] Kernel command line: BOOT_IMAGE=/boot/vmlinuz-4.15.0-212-generic root=LABEL=cloudimg-rootfs ro console=tty1 console=ttyS0
[    0.000000] Memory: 466748K/523832K available (12300K kernel code, 2477K rwdata, 4324K rodata, 2480K init, 2720K bss, 57084K reserved, 0K cma-reserved)
[    0.000000] SLUB: HWalign=64, Order=0-3, MinObjects=0, CPUs=1, Nodes=1
[    0.000000] ftrace: allocating 39508 entries in 155 pages
[    0.004000] Hierarchical RCU implementation.
[    0.004000] 	RCU restricting CPUs from NR_CPUS=8192 to nr_cpu_ids=1.
[    0.004000] 	Tasks RCU enabled.
[    0.004000] RCU: Adjusting geometry for rcu_fanout_leaf=16, nr_cpu_ids=1
[    0.004000] NR_IRQS: 524544, nr_irqs: 256, preallocated irqs: 16
[    0.004000] random: crng init done
[    0.004000] Console: colour VGA+ 80x25
[    0.004000] console [tty1] enabled
[    0.004000] console [ttyS0] enabled
[    0.004000] ACPI: Core revision 20170831
[    0.004000] ACPI: 2 ACPI AML tables successfully acquired and loaded
[    0.004000] APIC: Switch to symmetric I/O mode setup
[    0.004000] ..TIMER: vector=0x30 apic1=0 pin1=2 apic2=-1 pin2=-1
[    0.004012] tsc: Detected 2419.196 MHz processor
[    0.008023] Calibrating delay loop (skipped) preset value.. 4838.39 BogoMIPS (lpj=9676784)
[    0.012011] pid_max: default: 32768 minimum: 301
[    0.016066] Security Framework initialized
[    0.020007] Yama: becoming mindful.
[    0.024035] AppArmor: AppArmor initialized
[    0.028093] Dentry cache hash table entries: 65536 (order: 7, 524288 bytes)
[    0.032058] Inode-cache hash table entries: 32768 (order: 6, 262144 bytes)
[    0.036042] Mount-cache hash table entries: 1024 (order: 1, 8192 bytes)
[    0.040016] Mountpoint-cache hash table entries: 1024 (order: 1, 8192 bytes)
[    0.051334] Last level iTLB entries: 4KB 0, 2MB 0, 4MB 0
[    0.052002] Last level dTLB entries: 4KB 0, 2MB 0, 4MB 0, 1GB 0
[    0.056004] Spectre V1 : Mitigation: usercopy/swapgs barriers and __user pointer sanitization
[    0.060003] Spectre V2 : Mitigation: Enhanced IBRS
[    0.064002] Spectre V2 : Spectre v2 / SpectreRSB mitigation: Filling RSB on context switch
[    0.068002] Spectre V2 : Spectre v2 / PBRSB-eIBRS: Retire a single CALL on VMEXIT
[    0.072002] RETBleed: Mitigation: Enhanced IBRS
[    0.076017] Speculative Store Bypass: Vulnerable
[    0.090527] Freeing SMP alternatives memory: 36K
[    0.208007] APIC calibration not consistent with PM-Timer: 102ms instead of 100ms
[    0.212000] APIC delta adjusted to PM-Timer: 6311187 (6500371)
[    0.212604] smpboot: CPU0: 11th Gen Intel(R) Core(TM) i5-1135G7 @ 2.40GHz (family: 0x6, model: 0x8c, stepping: 0x1)
[    0.216094] Performance Events: unsupported p6 CPU model 140 no PMU driver, software events only.
[    0.220078] Hierarchical SRCU implementation.
[    0.224543] NMI watchdog: Perf event create on CPU 0 failed with -2
[    0.228003] NMI watchdog: Perf NMI watchdog permanently disabled
[    0.232050] smp: Bringing up secondary CPUs ...
[    0.236003] smp: Brought up 1 node, 1 CPU
[    0.240005] smpboot: Max logical packages: 1
[    0.248012] smpboot: Total of 1 processors activated (4838.39 BogoMIPS)
[    0.252476] devtmpfs: initialized
[    0.256150] x86/mm: Memory block size: 128MB
[    0.260123] evm: security.selinux
[    0.264009] evm: security.SMACK64
[    0.268004] evm: security.SMACK64EXEC
[    0.272005] evm: security.SMACK64TRANSMUTE
[    0.276003] evm: security.SMACK64MMAP
[    0.278681] evm: security.apparmor
[    0.280002] evm: security.ima
[    0.284002] evm: security.capability
[    0.286757] clocksource: jiffies: mask: 0xffffffff max_cycles: 0xffffffff, max_idle_ns: 7645041785100000 ns
[    0.288009] futex hash table entries: 256 (order: 2, 16384 bytes)
[    0.292055] pinctrl core: initialized pinctrl subsystem
[    0.296375] RTC time:  0:24:34, date: 03/18/25
[    0.300173] NET: Registered protocol family 16
[    0.304064] audit: initializing netlink subsys (disabled)
[    0.308141] cpuidle: using governor ladder
[    0.312006] audit: type=2000 audit(1742257478.815:1): state=initialized audit_enabled=0 res=1
[    0.316011] cpuidle: using governor menu
[    0.320056] ACPI: bus type PCI registered
[    0.324005] acpiphp: ACPI Hot Plug PCI Controller Driver version: 0.5
[    0.328410] PCI: Using configuration type 1 for base access
[    0.333075] HugeTLB registered 2.00 MiB page size, pre-allocated 0 pages
[    0.336158] ACPI: Added _OSI(Module Device)
[    0.340009] ACPI: Added _OSI(Processor Device)
[    0.344003] ACPI: Added _OSI(3.0 _SCP Extensions)
[    0.348003] ACPI: Added _OSI(Processor Aggregator Device)
[    0.352015] ACPI: Added _OSI(Linux-Dell-Video)
[    0.356023] ACPI: Added _OSI(Linux-Lenovo-NV-HDMI-Audio)
[    0.360003] ACPI: Added _OSI(Linux-HPI-Hybrid-Graphics)
[    0.364742] ACPI: Executed 1 blocks of module-level executable AML code
[    0.372595] ACPI: Interpreter enabled
[    0.375871] ACPI: (supports S0 S5)
[    0.376008] ACPI: Using IOAPIC for interrupt routing
[    0.380773] PCI: Using host bridge windows from ACPI; if necessary, use "pci=nocrs" and report a bug
[    0.384593] ACPI: Enabled 2 GPEs in block 00 to 07
[    0.402724] ACPI: PCI Root Bridge [PCI0] (domain 0000 [bus 00-ff])
[    0.404019] acpi PNP0A03:00: _OSC: OS supports [ASPM ClockPM Segments MSI]
[    0.408818] acpi PNP0A03:00: _OSC: not requesting OS control; OS requires [ExtendedConfig ASPM ClockPM MSI]
[    0.412022] acpi PNP0A03:00: fail to add MMCONFIG information, can't access extended PCI configuration space under this bridge.
[    0.416643] PCI host bridge to bus 0000:00
[    0.420004] pci_bus 0000:00: root bus resource [io  0x0000-0x0cf7 window]
[    0.424003] pci_bus 0000:00: root bus resource [io  0x0d00-0xffff window]
[    0.428004] pci_bus 0000:00: root bus resource [mem 0x000a0000-0x000bffff window]
[    0.432004] pci_bus 0000:00: root bus resource [mem 0x20000000-0xfdffffff window]
[    0.436005] pci_bus 0000:00: root bus resource [bus 00-ff]
[    0.446191] pci 0000:00:01.1: legacy IDE quirk: reg 0x10: [io  0x01f0-0x01f7]
[    0.448007] pci 0000:00:01.1: legacy IDE quirk: reg 0x14: [io  0x03f6]
[    0.452004] pci 0000:00:01.1: legacy IDE quirk: reg 0x18: [io  0x0170-0x0177]
[    0.456003] pci 0000:00:01.1: legacy IDE quirk: reg 0x1c: [io  0x0376]
[    0.480847] pci 0000:00:07.0: quirk: [io  0x4000-0x403f] claimed by PIIX4 ACPI
[    0.484033] pci 0000:00:07.0: quirk: [io  0x4100-0x410f] claimed by PIIX4 SMB
[    0.500185] ACPI: PCI Interrupt Link [LNKA] (IRQs 5 9 10 *11)
[    0.505029] ACPI: PCI Interrupt Link [LNKB] (IRQs 5 9 *10 11)
[    0.508427] ACPI: PCI Interrupt Link [LNKC] (IRQs 5 *9 10 11)
[    0.512367] ACPI: PCI Interrupt Link [LNKD] (IRQs 5 9 10 *11)
[    0.516362] SCSI subsystem initialized
[    0.520210] pci 0000:00:02.0: vgaarb: setting as boot VGA device
[    0.524000] pci 0000:00:02.0: vgaarb: VGA device added: decodes=io+mem,owns=io+mem,locks=none
[    0.524019] pci 0000:00:02.0: vgaarb: bridge control possible
[    0.528011] vgaarb: loaded
[    0.532097] ACPI: bus type USB registered
[    0.536040] usbcore: registered new interface driver usbfs
[    0.540025] usbcore: registered new interface driver hub
[    0.544029] usbcore: registered new device driver usb
[    0.548105] EDAC MC: Ver: 3.0.0
[    0.552861] PCI: Using ACPI for IRQ routing
[    0.556628] NetLabel: Initializing
[    0.558926] NetLabel:  domain hash size = 128
[    0.560003] NetLabel:  protocols = UNLABELED CIPSOv4 CALIPSO
[    0.564035] NetLabel:  unlabeled traffic allowed by default
[    0.568176] clocksource: Switched to clocksource kvm-clock
[    0.619978] VFS: Disk quotas dquot_6.6.0
[    0.626056] VFS: Dquot-cache hash table entries: 512 (order 0, 4096 bytes)
[    0.634109] AppArmor: AppArmor Filesystem Enabled
[    0.642206] pnp: PnP ACPI init
[    0.648935] pnp: PnP ACPI: found 3 devices
[    0.664936] clocksource: acpi_pm: mask: 0xffffff max_cycles: 0xffffff, max_idle_ns: 2085701024 ns
[    0.673621] NET: Registered protocol family 2
[    0.678552] IP idents hash table entries: 8192 (order: 4, 65536 bytes)
[    0.686925] TCP established hash table entries: 4096 (order: 3, 32768 bytes)
[    0.694815] TCP bind hash table entries: 4096 (order: 4, 65536 bytes)
[    0.699623] TCP: Hash tables configured (established 4096 bind 4096)
[    0.706582] UDP hash table entries: 256 (order: 1, 8192 bytes)
[    0.712848] UDP-Lite hash table entries: 256 (order: 1, 8192 bytes)
[    0.718430] NET: Registered protocol family 1
[    0.722404] pci 0000:00:00.0: Limiting direct PCI/PCI transfers
[    0.727298] pci 0000:00:01.0: Activating ISA DMA hang workarounds
[    0.732356] pci 0000:00:02.0: Video device with shadowed ROM at [mem 0x000c0000-0x000dffff]
[    0.739476] Unpacking initramfs...
[    1.354085] Freeing initrd memory: 19528K
[    1.358723] clocksource: tsc: mask: 0xffffffffffffffff max_cycles: 0x22df0d21928, max_idle_ns: 440795225288 ns
[    1.367967] platform rtc_cmos: registered platform RTC device (no PNP device found)
[    1.374565] Scanning for low memory corruption every 60 seconds
[    1.381059] Initialise system trusted keyrings
[    1.386461] Key type blacklist registered
[    1.391654] workingset: timestamp_bits=36 max_order=17 bucket_order=0
[    1.399652] zbud: loaded
[    1.402493] squashfs: version 4.0 (2009/01/31) Phillip Lougher
[    1.407075] fuse init (API version 7.26)
[    1.412160] Key type asymmetric registered
[    1.415398] Asymmetric key parser 'x509' registered
[    1.419036] Block layer SCSI generic (bsg) driver version 0.4 loaded (major 246)
[    1.424589] io scheduler noop registered
[    1.428054] io scheduler deadline registered
[    1.431524] io scheduler cfq registered (default)
[    1.436874] ACPI: AC Adapter [AC] (on-line)
[    1.440295] input: Power Button as /devices/LNXSYSTM:00/LNXPWRBN:00/input/input0
[    1.445372] ACPI: Power Button [PWRF]
[    1.448281] input: Sleep Button as /devices/LNXSYSTM:00/LNXSLPBN:00/input/input1
[    1.453958] ACPI: Sleep Button [SLPF]
[    1.458310] ACPI: Battery Slot [BAT0] (battery present)
[    1.462177] Serial: 8250/16550 driver, 32 ports, IRQ sharing enabled
[    1.496097] 00:02: ttyS0 at I/O 0x3f8 (irq = 4, base_baud = 115200) is a 16550A
[    1.505505] Linux agpgart interface v0.103
[    1.512348] loop: module loaded
[    1.522000] scsi host0: ata_piix
[    1.528847] scsi host1: ata_piix
[    1.534960] ata1: PATA max UDMA/33 cmd 0x1f0 ctl 0x3f6 bmdma 0xd000 irq 14
[    1.545008] ata2: PATA max UDMA/33 cmd 0x170 ctl 0x376 bmdma 0xd008 irq 15
[    1.554753] tun: Universal TUN/TAP device driver, 1.6
[    1.560072] PPP generic driver version 2.4.2
[    1.563713] ehci_hcd: USB 2.0 'Enhanced' Host Controller (EHCI) Driver
[    1.568811] ehci-pci: EHCI PCI platform driver
[    1.573772] ehci-platform: EHCI generic platform driver
[    1.579176] ohci_hcd: USB 1.1 'Open' Host Controller (OHCI) Driver
[    1.585102] ohci-pci: OHCI PCI platform driver
[    1.588698] ohci-platform: OHCI generic platform driver
[    1.593334] uhci_hcd: USB Universal Host Controller Interface driver
[    1.598013] i8042: PNP: PS/2 Controller [PNP0303:PS2K,PNP0f03:PS2M] at 0x60,0x64 irq 1,12
[    1.606767] serio: i8042 KBD port at 0x60,0x64 irq 1
[    1.610732] serio: i8042 AUX port at 0x60,0x64 irq 12
[    1.616792] mousedev: PS/2 mouse device common for all mice
[    1.626377] input: AT Translated Set 2 keyboard as /devices/platform/i8042/serio0/input/input2
[    1.641397] rtc_cmos rtc_cmos: rtc core: registered rtc_cmos as rtc0
[    1.648756] rtc_cmos rtc_cmos: alarms up to one day, 114 bytes nvram
[    1.657063] i2c /dev entries driver
[    1.659700] device-mapper: uevent: version 1.0.3
[    1.663602] device-mapper: ioctl: 4.37.0-ioctl (2017-09-20) initialised: dm-devel@redhat.com
[    1.672228] ledtrig-cpu: registered to indicate activity on CPUs
[    1.679054] NET: Registered protocol family 10
[    1.693072] Segment Routing with IPv6
[    1.700393] NET: Registered protocol family 17
[    1.704736] Key type dns_resolver registered
[    1.711332] mce: Using 0 MCE banks
[    1.769774] RAS: Correctable Errors collector initialized.
[    1.777496] sched_clock: Marking stable (1777389878, 0)->(2633299455, -855909577)
[    1.787050] registered taskstats version 1
[    1.793163] Loading compiled-in X.509 certificates
[    1.802365] Loaded X.509 cert 'Build time autogenerated kernel key: b5b26778eaa3ab3a4a6cee031137706e947d12ad'
[    1.820634] Loaded X.509 cert 'Canonical Ltd. Live Patch Signing: 14df34d1a87cf37625abec039ef2bf521249b969'
[    1.834989] Loaded X.509 cert 'Canonical Ltd. Kernel Module Signing: 88f752e560a1e0737e31163a466ad7b70a850c19'
[    1.843080] blacklist: Loading compiled-in revocation X.509 certificates
[    1.848786] Loaded X.509 cert 'Canonical Ltd. Secure Boot Signing: 61482aa2830d0ab2ad5af10b7250da9033ddcef0'
[    1.856098] Loaded X.509 cert 'Canonical Ltd. Secure Boot Signing (2017): 242ade75ac4a15e50d50c84b0d45ff3eae707a03'
[    1.863348] Loaded X.509 cert 'Canonical Ltd. Secure Boot Signing (ESM 2018): 365188c1d374d6b07c3c8f240f8ef722433d6a8b'
[    1.870760] Loaded X.509 cert 'Canonical Ltd. Secure Boot Signing (2019): c0746fd6c5da3ae827864651ad66ae47fe24b3e8'
[    1.878493] Loaded X.509 cert 'Canonical Ltd. Secure Boot Signing (2021 v1): a8d54bbb3825cfb94fa13c9f8a594a195c107b8d'
[    1.886050] Loaded X.509 cert 'Canonical Ltd. Secure Boot Signing (2021 v2): 4cf046892d6fd3c9a5b03f98d845f90851dc6a8c'
[    1.895246] Loaded X.509 cert 'Canonical Ltd. Secure Boot Signing (2021 v3): 100437bb6de6e469b581e61cd66bce3ef4ed53af'
[    1.903478] Loaded X.509 cert 'Canonical Ltd. Secure Boot Signing (Ubuntu Core 2019): c1d57b8f6b743f23ee41f4f7ee292f06eecadfb9'
[    1.915237] zswap: loaded using pool lzo/zbud
[    1.925060] Key type big_key registered
[    1.929155] Key type trusted registered
[    1.934493] Key type encrypted registered
[    1.937468] AppArmor: AppArmor sha1 policy hashing enabled
[    1.945568] ima: No TPM chip found, activating TPM-bypass! (rc=-19)
[    1.952252] ima: Allocated hash algorithm: sha1
[    1.958828] evm: HMAC attrs: 0x1
[    1.963428]   Magic number: 1:704:405
[    1.966876] rtc_cmos rtc_cmos: setting system clock to 2025-03-18 00:24:36 UTC (1742257476)
[    1.973143] BIOS EDD facility v0.16 2004-Jun-25, 0 devices found
[    1.978723] EDD information not available.
[    1.984396] Freeing unused kernel image memory: 2480K
[    1.997070] Write protecting the kernel read-only data: 20480k
[    2.004247] Freeing unused kernel image memory: 2008K
[    2.009473] Freeing unused kernel image memory: 1820K
[    2.019518] x86/mm: Checked W+X mappings: passed, no W+X pages found.
Loading, please wait...
starting version 237
[    2.130843] e1000: Intel(R) PRO/1000 Network Driver - version 7.3.21-k8-NAPI
[    2.136547] e1000: Copyright (c) 1999-2006 Intel Corporation.
[    2.150034] Fusion MPT base driver 3.04.20
[    2.156462] Copyright (c) 1999-2008 LSI Corporation
[    2.231414] SSE version of gcm_enc/dec engaged.
[    2.266492] Fusion MPT SPI Host driver 3.04.20
[    2.443606] input: ImExPS/2 Generic Explorer Mouse as /devices/platform/i8042/serio1/input/input4
[    3.063250] e1000 0000:00:03.0 eth0: (PCI:33MHz:32-bit) 02:3b:7b:b7:3b:2d
[    3.072840] e1000 0000:00:03.0 eth0: Intel(R) PRO/1000 Network Connection
[    3.084974] mptbase: ioc0: Initiating bringup
[    3.214315] ioc0: LSI53C1030 A0: Capabilities={Initiator}
[    3.498129] scsi host2: ioc0: LSI53C1030 A0, FwRev=00000000h, Ports=1, MaxQ=256, IRQ=20
[    3.686266] scsi 2:0:0:0: Direct-Access     VBOX     HARDDISK         1.0  PQ: 0 ANSI: 5
[    3.700212] scsi target2:0:0: Beginning Domain Validation
[    3.718082] scsi target2:0:0: Domain Validation skipping write tests
[    3.723723] scsi target2:0:0: Ending Domain Validation
[    3.727925] scsi target2:0:0: asynchronous
[    3.754132] scsi 2:0:1:0: Direct-Access     VBOX     HARDDISK         1.0  PQ: 0 ANSI: 5
[    3.768046] scsi target2:0:1: Beginning Domain Validation
[    3.852991] scsi target2:0:1: Domain Validation skipping write tests
[    3.858289] scsi target2:0:1: Ending Domain Validation
[    3.872015] scsi target2:0:1: asynchronous
[    4.007175] sd 2:0:0:0: Attached scsi generic sg0 type 0
[    4.012772] sd 2:0:0:0: [sda] 83886080 512-byte logical blocks: (42.9 GB/40.0 GiB)
[    4.021143] sd 2:0:1:0: [sdb] 20480 512-byte logical blocks: (10.5 MB/10.0 MiB)
[    4.030910] sd 2:0:1:0: Attached scsi generic sg1 type 0
[    4.046176] sd 2:0:0:0: [sda] Write Protect is off
[    4.051691] sd 2:0:1:0: [sdb] Write Protect is off
[    4.074455] sd 2:0:0:0: [sda] Incomplete mode parameter data
[    4.080264] sd 2:0:0:0: [sda] Assuming drive cache: write through
[    4.084513] sd 2:0:1:0: [sdb] Incomplete mode parameter data
[    4.088418] sd 2:0:1:0: [sdb] Assuming drive cache: write through
[    4.105123]  sda: sda1
[    4.108716] sd 2:0:1:0: [sdb] Attached SCSI disk
[    4.122172] sd 2:0:0:0: [sda] Attached SCSI disk
[    4.492935] e1000 0000:00:08.0 eth1: (PCI:33MHz:32-bit) 08:00:27:4c:dd:9d
[    4.508105] e1000 0000:00:08.0 eth1: Intel(R) PRO/1000 Network Connection
[    4.525320] e1000 0000:00:08.0 enp0s8: renamed from eth1
[    4.554684] e1000 0000:00:03.0 enp0s3: renamed from eth0
Begin: Loading essential drivers ... [    6.368531] raid6: sse2x1   gen()  9136 MB/s
[    6.420113] raid6: sse2x1   xor()  7712 MB/s
[    6.472043] raid6: sse2x2   gen() 16649 MB/s
[    6.524071] raid6: sse2x2   xor()  7945 MB/s
[    6.576104] raid6: sse2x4   gen() 11558 MB/s
[    6.628241] raid6: sse2x4   xor()  6866 MB/s
[    6.636203] raid6: using algorithm sse2x2 gen() 16649 MB/s
[    6.642292] raid6: .... xor() 7945 MB/s, rmw enabled
[    6.646959] raid6: using ssse3x2 recovery algorithm
[    6.654486] xor: measuring software checksum speed
[    6.764146]    prefetch64-sse: 33214.000 MB/sec
[    6.877868]    generic_sse: 41847.000 MB/sec
[    6.881397] xor: using function: generic_sse (41847.000 MB/sec)
[    6.888305] async_tx: api initialized (async)
done.
Begin: Running /scripts/init-premount ... done.
Begin: Mounting root file system ... Begin: Running /scripts/local-top ... done.
Begin: Running /scripts/local-premount ... [    6.979294] Btrfs loaded, crc32c=crc32c-intel
Scanning for Btrfs filesystems
done.
Warning: fsck not present, so skipping root file system
[    7.061145] EXT4-fs (sda1): mounted filesystem with ordered data mode. Opts: (null)
done.
Begin: Running /scripts/local-bottom ... done.
Begin: Running /scripts/init-bottom ... done.
[    7.450418] ip_tables: (C) 2000-2006 Netfilter Core Team
[    7.472415] systemd[1]: systemd 237 running in system mode. (+PAM +AUDIT +SELINUX +IMA +APPARMOR +SMACK +SYSVINIT +UTMP +LIBCRYPTSETUP +GCRYPT +GNUTLS +ACL +XZ +LZ4 +SECCOMP +BLKID +ELFUTILS +KMOD -IDN2 +IDN -PCRE2 default-hierarchy=hybrid)
[    7.487061] systemd[1]: Detected virtualization oracle.
[    7.490888] systemd[1]: Detected architecture x86-64.

Welcome to [1mUbuntu 18.04.6 LTS[0m!

[    7.500584] systemd[1]: Set hostname to <ubuntu>.
[    7.511055] systemd[1]: Initializing machine ID from random generator.
[    7.517442] systemd[1]: Installed transient /etc/machine-id file.
[    8.048825] systemd[1]: Set up automount Arbitrary Executable File Formats File System Automount Point.
[[0;32m  OK  [0m] Set up automount Arbitrary Executabâ€¦rmats File System Automount Point.
[    8.080543] systemd[1]: Started Forward Password Requests to Wall Directory Watch.
[[0;32m  OK  [0m] Started Forward Password Requests to Wall Directory Watch.
[    8.094241] systemd[1]: Reached target System Time Synchronized.
[[0;32m  OK  [0m] Reached target System Time Synchronized.
[    8.104701] systemd[1]: Reached target User and Group Name Lookups.
[[0;32m  OK  [0m] Reached target User and Group Name Lookups.
[[0;32m  OK  [0m] Reached target Mounting snaps.
[[0;32m  OK  [0m] Reached target Swap.
[[0;32m  OK  [0m] Reached target Mounted snaps.
[[0;32m  OK  [0m] Created slice System Slice.
[[0;32m  OK  [0m] Listening on udev Kernel Socket.
[[0;32m  OK  [0m] Created slice system-serial\x2dgetty.slice.
[[0;32m  OK  [0m] Listening on Device-mapper event daemon FIFOs.
[[0;32m  OK  [0m] Listening on Syslog Socket.
[[0;32m  OK  [0m] Listening on Journal Socket.
         Starting Uncomplicated firewall...
         Starting Set the console keyboard layout...
         Mounting Kernel Debug File System...
         Starting Load Kernel Modules...
         Mounting Huge Pages File System...
[    8.249660] Loading iSCSI transport class v2.0-870.
         Mounting POSIX Message Queue File System...
[    8.285487] iscsi: registered transport (tcp)
[[0;32m  OK  [0m] Listening on Journal Audit Socket.
[[0;32m  OK  [0m] Listening on Network Service Netlink Socket.
[[0;32m  OK  [0m] Listening on udev Control Socket.
[[0;32m  OK  [0m] Listening on fsck to fsckd communication Socket.
         Starting File System Check on Root Device...
         Starting udev Coldplug all Devices...
[[0;32m  OK  [0m] Listening on LVM2 poll daemon socket.
[[0;32m  OK  [0m] [    8.379086] iscsi: registered transport (iser)
Listening on LVM2 metadata daemon socket.
         Starting Monitoring of LVM2 mirrorsâ€¦ng dmeventd or progress polling...
[[0;32m  OK  [0m] Listening on Journal Socket (/dev/log).
         Starting Journal Service...
         Starting Create list of required stâ€¦ce nodes for the current kernel...
[[0;32m  OK  [0m] Created slice User and Session Slice.
[[0;32m  OK  [0m] Reached target Slices.
[[0;32m  OK  [0m] Listening on /dev/initctl Compatibility Named Pipe.
[[0;32m  OK  [0m] Started Uncomplicated firewall.
[[0;32m  OK  [0m] Mounted Kernel Debug File System.
[[0;32m  OK  [0m] Started Load Kernel Modules.
[[0;32m  OK  [0m] Mounted Huge Pages File System.
[[0;32m  OK  [0m] Mounted POSIX Message Queue File System.
[[0;32m  OK  [0m] Started File System Check Daemon to report status.
         Mounting FUSE Control File System...
         Mounting Kernel Configuration File System...
         Starting Apply Kernel Variables...
[[0;32m  OK  [0m] Started Journal Service.
[[0;32m  OK  [0m] Mounted FUSE Control File System.
[[0;32m  OK  [0m] Mounted Kernel Configuration File System.
[[0;32m  OK  [0m] Started LVM2 metadata daemon.
[[0;32m  OK  [0m] Started Create list of required staâ€¦vice nodes for the current kernel.
         Starting Create Static Device Nodes in /dev...
[[0;32m  OK  [0m] Started udev Coldplug all Devices.
[[0;32m  OK  [0m] Started File System Check on Root Device.
         Starting Remount Root and Kernel File Systems...
[[0;32m  OK  [0m] Started Create Static Device Nodes in /dev.
[[0;32m  OK  [0m] Started Apply Kernel Variables.
[[0;32m  OK  [0m] Started Remount Root and Kernel File Systems.
         Starting Load/Save Random Seed...
         Starting Flush Journal to Persistent Storage...
         Starting udev Kernel Device Manager...
[[0;32m  OK  [0m] Started Monitoring of LVM2 mirrors,â€¦sing dmeventd or progress polling.
[[0;32m  OK  [0m] Started Load/Save Random Seed.
[[0;32m  OK  [0m] Started udev Kernel Device Manager.
[[0;32m  OK  [0m] Started Flush Journal to Persistent Storage.
[[0;32m  OK  [0m] Found device /dev/ttyS0.
[[0;32m  OK  [0m] Listening on Load/Save RF Kill Switch Status /dev/rfkill Watch.
[[0;32m  OK  [0m] Started Set the console keyboard layout.
[[0;32m  OK  [0m] Reached target Local File Systems (Pre).
[[0;32m  OK  [0m] Reached target Local File Systems.
         Starting Set console font and keymap...
         Starting AppArmor initialization...
         Starting Create Volatile Files and Directories...
         Starting Tell Plymouth To Write Out Runtime Data...
         Starting Commit a transient machine-id on disk...
         Starting ebtables ruleset management...
[[0;32m  OK  [0m] Started Dispatch Password Requests to Console Directory Watch.
[[0;32m  OK  [0m] Reached target Local Encrypted Volumes.
[[0;32m  OK  [0m] Started Tell Plymouth To Write Out Runtime Data.
[[0;32m  OK  [0m] Started Create Volatile Files and Directories.
         Starting Update UTMP about System Boot/Shutdown...
[[0;32m  OK  [0m] Started Commit a transient machine-id on disk.
[[0;32m  OK  [0m] Started Update UTMP about System Boot/Shutdown.
[[0;32m  OK  [0m] Started ebtables ruleset management.
         Mounting Arbitrary Executable File Formats File System...
[[0;32m  OK  [0m] Mounted Arbitrary Executable File Formats File System.
[[0;32m  OK  [0m] Started AppArmor initialization.
         Starting Load AppArmor profiles managed internally by snapd...
         Starting Initial cloud-init job (pre-networking)...
[[0;32m  OK  [0m] Started Load AppArmor profiles managed internally by snapd.
[[0;32m  OK  [0m] Started Set console font and keymap.
[   15.250012] cloud-init[752]: Cloud-init v. 23.1.2-0ubuntu0~18.04.1 running 'init-local' at Tue, 18 Mar 2025 00:24:49 +0000. Up 14.69 seconds.
[[0;32m  OK  [0m] Started Initial cloud-init job (pre-networking).
[[0;32m  OK  [0m] Reached target Network (Pre).
         Starting Network Service...
[[0;32m  OK  [0m] Started Network Service.
         Starting Network Name Resolution...
         Starting Wait for Network to be Configured...
[[0;32m  OK  [0m] Started Network Name Resolution.
[[0;32m  OK  [0m] Reached target Host and Network Name Lookups.
[[0;32m  OK  [0m] Reached target Network.
[[0;32m  OK  [0m] Started Wait for Network to be Configured.
         Starting Initial cloud-init job (metadata service crawler)...
[   17.371252] cloud-init[870]: Cloud-init v. 23.1.2-0ubuntu0~18.04.1 running 'init' at Tue, 18 Mar 2025 00:24:51 +0000. Up 17.19 seconds.
[   17.393398] cloud-init[870]: ci-info: ++++++++++++++++++++++++++++++++++++++Net device info+++++++++++++++++++++++++++++++++++++++
[   17.412449] cloud-init[870]: ci-info: +--------+-------+----------------------------+---------------+--------+-------------------+
[   17.419205] cloud-init[870]: ci-info: | Device |   Up  |          Address           |      Mask     | Scope  |     Hw-Address    |
[   17.433761] cloud-init[870]: ci-info: +--------+-------+----------------------------+---------------+--------+-------------------+
[   17.446350] cloud-init[870]: ci-info: | enp0s3 |  True |         10.0.2.15          | 255.255.255.0 | global | 02:3b:7b:b7:3b:2d |
[   17.460977] cloud-init[870]: ci-info: | enp0s3 |  True | fd00::3b:7bff:feb7:3b2d/64 |       .       | global | 02:3b:7b:b7:3b:2d |
[   17.474269] cloud-init[870]: ci-info: | enp0s3 |  True | fe80::3b:7bff:feb7:3b2d/64 |       .       |  link  | 02:3b:7b:b7:3b:2d |
[   17.487319] cloud-init[870]: ci-info: | enp0s8 | False |             .              |       .       |   .    | 08:00:27:4c:dd:9d |
[   17.492670] cloud-init[870]: ci-info: |   lo   |  True |         127.0.0.1          |   255.0.0.0   |  host  |         .         |
[   17.509639] cloud-init[870]: ci-info: |   lo   |  True |          ::1/128           |       .       |  host  |         .         |
[   17.518519] cloud-init[870]: ci-info: +--------+-------+----------------------------+---------------+--------+-------------------+
[   17.528693] cloud-init[870]: ci-info: ++++++++++++++++++++++++++++Route IPv4 info+++++++++++++++++++++++++++++
[   17.545897] cloud-init[870]: ci-info: +-------+-------------+----------+-----------------+-----------+-------+
[   17.563181] cloud-init[870]: ci-info: | Route | Destination | Gateway  |     Genmask     | Interface | Flags |
[   17.571791] cloud-init[870]: ci-info: +-------+-------------+----------+-----------------+-----------+-------+
[   17.582461] cloud-init[870]: ci-info: |   0   |   0.0.0.0   | 10.0.2.2 |     0.0.0.0     |   enp0s3  |   UG  |
[   17.593142] cloud-init[870]: ci-info: |   1   |   10.0.2.0  | 0.0.0.0  |  255.255.255.0  |   enp0s3  |   U   |
[   17.604011] cloud-init[870]: ci-info: |   2   |   10.0.2.2  | 0.0.0.0  | 255.255.255.255 |   enp0s3  |   UH  |
[   17.621180] cloud-init[870]: ci-info: +-------+-------------+----------+-----------------+-----------+-------+
[   17.635151] cloud-init[870]: ci-info: +++++++++++++++++++Route IPv6 info+++++++++++++++++++
[   17.644024] cloud-init[870]: ci-info: +-------+-------------+---------+-----------+-------+
[   17.652413] cloud-init[870]: ci-info: | Route | Destination | Gateway | Interface | Flags |
[   17.662172] cloud-init[870]: ci-info: +-------+-------------+---------+-----------+-------+
[   17.676085] cloud-init[870]: ci-info: |   1   |  fd00::/64  |    ::   |   enp0s3  |   U   |
[   17.692980] cloud-init[870]: ci-info: |   2   |  fe80::/64  |    ::   |   enp0s3  |   U   |
[   17.713273] cloud-init[870]: ci-info: |   3   |     ::/0    | fe80::2 |   enp0s3  |   UG  |
[   17.722943] cloud-init[870]: ci-info: |   5   |    local    |    ::   |   enp0s3  |   U   |
[   17.744920] cloud-init[870]: ci-info: |   6   |   ff00::/8  |    ::   |   enp0s3  |   U   |
[   17.754940] cloud-init[870]: ci-info: +-------+-------------+---------+-----------+-------+
[   18.692982] cloud-init[870]: Generating public/private rsa key pair.
[   18.705748] cloud-init[870]: Your identification has been saved in /etc/ssh/ssh_host_rsa_key.
[   18.714642] cloud-init[870]: Your public key has been saved in /etc/ssh/ssh_host_rsa_key.pub.
[   18.725640] cloud-init[870]: The key fingerprint is:
[   18.736238] cloud-init[870]: SHA256:CyL/A7YexhmKKophHC/F3rn0958D6aidH8fBBCsMGbc root@ubuntu-bionic
[   18.746939] cloud-init[870]: The key's randomart image is:
[   18.772626] cloud-init[870]: +---[RSA 2048]----+
[   18.778803] cloud-init[870]: |       oo. .     |
[   18.799574] cloud-init[870]: |       .+ . o    |
[   18.806670] cloud-init[870]: |         E . .   |
[   18.829144] cloud-init[870]: |  .       . o    |
[   18.833465] cloud-init[870]: | ..oo . S   .o   |
[   18.837708] cloud-init[870]: |..==++.. . o. .  |[[0;32m  OK  [0m] Started Initial cloud-init job (metadata service crawler).
[   18.845086] cloud-init[870]: |o+.+**  . o..o   |

[[0;32m  OK  [0m] Reached target Cloud-config availability.[   18.853292] cloud-init[870]: |=...oo+ .o..o..  |
[[0;32m  OK  [0m] Reached target System Initialization.

[[0;32m  OK  [0m[   18.878745] ] Listening on Open-iSCSI iscsid Socket.cloud-init
[[0;32m  OK  [0m[870]: |*  ....+oooo.o.  |] Listening on UUID daemon activation socket.
[
[   18.913319] cloud-init[870]: [0;32m  OK  [0m] Started Discard unused blocks once a week.
[+----[SHA256]-----+
[   18.927415] [0;32m  OK  [0m] Listening on ACPID Listen Socket.cloud-init[870]: 
Generating public/private dsa key pair.         
[   18.942974] Starting LXD - unix socket.
cloud-init[870]: Your identification has been saved in /etc/ssh/ssh_host_dsa_key.[[0;32m  OK  [0m] Listening on D-Bus System Message Bus Socket.
[[0;32m  OK  [0m] Started ACPI Events Check.
[[0;32m  OK  [0m] Reached target Paths.
[[0;32m  OK  [0m
[   18.979250] ] Started Daily apt download activities.
cloud-init[870]: [[0;32m  OK  [0m] Started Daily apt upgrade and clean activities.Your public key has been saved in /etc/ssh/ssh_host_dsa_key.pub.
[[0;32m  OK  [0m] Started Ubuntu Advantage Timer for running repeated jobs.

[   19.010311] cloud-init[870]: The key fingerprint is:[[0;32m  OK  [0m
[   19.023306] ] Started Message of the Day.cloud-init[870]: SHA256:RPz2Nl1g725UlurvZbfh5H06EFjhrWTd0FHBDni5wIU root@ubuntu-bionic
[[0;32m  OK  [0m] Started Daily Cleanup of Temporary Directories.
[   19.047703] 
[[0;32m  OK  [0mcloud-init[870]: The key's randomart image is:] Reached target Timers.

[   19.062186] cloud-init[870]: [[0;32m  OK  [0m] +---[DSA 1024]----+
[   19.070126] cloud-init[870]: Listening on cloud-init hotplug hook socket.
         Starting Socket activation for snappy daemon.|       .. . =o++=|
[   19.079642] cloud-init[870]: |       ..  E.*o+.|
[[0;32m  OK  [0m] Reached target Network is Online.

[   19.095929] cloud-init[870]:          Starting Availability of block devices...
[[0;32m  OK  [0m] Reached target Remote File Systems (Pre).
[[0;32m  OK  [0m|        .. o*.*oo|] Reached target Remote File Systems.
[   19.127282] 
[[0;32m  OK  [0m] Listening on LXD - unix socket.cloud-init
[[0;32m  OK  [0m[870]: |       .  +o.o o=|
] Listening on Socket activation for snappy daemon.
[   19.149830] cloud-init[870]: [[0;32m  OK  [0m] Started Availability of block devices.
[[0;32m  OK  [0m] |        S. ..o.+.|
Reached target Sockets.
[[   19.170741] cloud-init[0;32m  OK  [0m] Reached target Basic System.[870]: 
|            =.. o|         Starting Virtualbox guest utils...
[   19.191315] 
         cloud-init[870]: Starting Accounts Service...
         Starting LSB: automatic crash report generation...
[[0;32m  OK  [0m] Started D-Bus System Message Bus.
|           ..o =+|
[   19.242411] cloud-init[870]: |             .=.X|
[   19.264738] cloud-init[870]: |              +Xo|
[   19.275016] cloud-init[870]: +----[SHA256]-----+
[   19.287043]          Starting LSB: Record successful boot for GRUB...
cloud-init[870]:          Starting Permit User Sessions...
[[0;32m  OK  [0m] Started irqbalance daemon.
         Starting Login Service...
Generating public/private ecdsa key pair.
         Starting System Logging Service...
[   19.349251] cloud-init[870]: Your identification has been saved in /etc/ssh/ssh_host_ecdsa_key.
[   19.395233] cloud-init[870]: Your public key has been saved in /etc/ssh/ssh_host_ecdsa_key.pub.[[0;32m  OK  [0m] Started Regular background program processing daemon.

[   19.431700] cloud-init[870]: The key fingerprint is:
[   19.446029] cloud-init[870]: SHA256:kVZ4unrXbj4kdRM7OzVAqZ03WRqpNlGpD0pRySIVLZQ root@ubuntu-bionic
         Starting Snap Daemon...
[   19.463953] cloud-init[870]: The key's randomart image is:
[   19.494519] cloud-init[870]: +---[ECDSA 256]---+
[   19.517260] cloud-init[870]: |         +=*o+oo |
[   19.537022] cloud-init[870]: |        ooE =o= .|
[   19.549848] cloud-init[870]: |        ++ +o+o=o|         Starting Dispatcher daemon for systemd-networkd...

[[0;32m  OK  [0m] Reached target Login Prompts (Pre).
[   19.570732] cloud-init[[0;32m  OK  [0m] Started FUSE filesystem for LXC.
[[0;32m  OK  [0m] Started Deferred execution scheduler.[870]: |       .....Bo*=.|

[   19.624053]          Starting Pollinate to seed the pseudo random number generator...
         cloud-init[870]: |        So + =.=o|Starting LXD - container startup/shutdown...
[[0;32m  OK  [0m] Started System Logging Service.
[[0;32m  OK  [0m] Started Permit User Sessions.

[[0;32m  OK  [0m] Started Login Service.
[[0;32m  OK  [0m] Started Unattended Upgrades Shutdown.
         Starting Authorization Manager...
         Starting Hostname Service...
         Starting Terminate Plymouth Boot Screen...
         Starting Hold until boot process finishes up...
[[0;32m  OK  [0m] Started Terminate Plymouth Boot Screen.[   19.866631] cloud-init
[[0;32m  OK  [0m] Started Hold until boot process finishes up.
         Starting Set console scheme...
[[0;32m  OK  [0m[870]: ] Started Serial Getty on ttyS0.
|        . o . +  |
[   19.953091] [[0;32m  OK  [0m] Started Set console scheme.
[cloud-init[0;32m  OK  [0m] Created slice system-getty.slice.
[[0;32m  OK  [0m] Started Getty on tty1.
[[0;32m  OK  [0m] Reached target Login Prompts.[870]: 
|       .   +   . |
[[0;32m  OK  [0m] Started LSB: automatic crash report generation.
[   20.173838] [[0;32m  OK  [0m] Started Authorization Manager.
[[0;32m  OK  [0m] Started Accounts Service.
cloud-init[[0;32m  OK  [0m] Started LSB: Record successful boot for GRUB.[870]: 
|      . . . +    |
[   20.252978] cloud-init[870]: |       . . +o.   |
[[0;32m  OK  [0m] Started Hostname Service.
[   20.269493] cloud-init[870]: +----[SHA256]-----+
[   20.293705] cloud-init[870]: Generating public/private ed25519 key pair.
[   20.335075] cloud-init[870]: Your identification has been saved in /etc/ssh/ssh_host_ed25519_key.
[   20.356811] cloud-init[870]: Your public key has been saved in /etc/ssh/ssh_host_ed25519_key.pub.
[   20.375946] cloud-init[870]: The key fingerprint is:
[   20.391385] cloud-init[870]: SHA256:rT1tfLAduGq+36SCodObyWWciKQ+B501GBSs5uX0nZY root@ubuntu-bionic
[   20.406776] cloud-init[870]: The key's randomart image is:
[   20.424417] cloud-init[870]: +--[ED25519 256]--+
[   20.495011] cloud-init[870]: |     oo.         |
[   20.544517] cloud-init[870]: |      o          |
[   20.590522] cloud-init[870]: |     . o         |
[   20.626439] cloud-init[870]: |    o + o.   .   |
[   20.633141] cloud-init[870]: |   o =.+So.oo .  |
[   20.647160] cloud-init[870]: |    oo+.o=E+ = . |
[   20.703404] cloud-init[870]: |    ...oo+B * +  |
[   20.724909] cloud-init[870]: |   .. +.o=o+ =   |
[   20.756205] cloud-init[870]: |    .o .=+++o .  |
[   20.790577] cloud-init[870]: +----[SHA256]-----+
[[0;32m  OK  [0m] Started LXD - container startup/shutdown.
[[0;32m  OK  [0m] Started Virtualbox guest utils.
[[0;32m  OK  [0m] Started Dispatcher daemon for systemd-networkd.
[[0;32m  OK  [0m] Started Snap Daemon.
         Starting Wait until snapd is fully seeded...
[[0;32m  OK  [0m] Started Pollinate to seed the pseudo random number generator.
         Starting OpenBSD Secure Shell server...
[[0;32m  OK  [0m] Started OpenBSD Secure Shell server.
[[0;32m  OK  [0m] Created slice User Slice of vagrant.
         Starting User Manager for UID 1000...
[[0;32m  OK  [0m] Started Session 1 of user vagrant.
[[0;32m  OK  [0m] Started User Manager for UID 1000.
         Starting Time & Date Service...
[[0;32m  OK  [0m] Started Time & Date Service.

Ubuntu 18.04.6 LTS ubuntu-bionic ttyS0

ubuntu-bionic login: [   32.476231] cloud-init[1612]: Cloud-init v. 23.1.2-0ubuntu0~18.04.1 running 'modules:config' at Tue, 18 Mar 2025 00:25:06 +0000. Up 31.68 seconds.
ci-info: no authorized SSH keys fingerprints found for user ubuntu.
<14>Mar 18 00:25:08 cloud-init: #############################################################
<14>Mar 18 00:25:08 cloud-init: -----BEGIN SSH HOST KEY FINGERPRINTS-----
<14>Mar 18 00:25:08 cloud-init: 1024 SHA256:RPz2Nl1g725UlurvZbfh5H06EFjhrWTd0FHBDni5wIU root@ubuntu-bionic (DSA)
<14>Mar 18 00:25:08 cloud-init: 256 SHA256:kVZ4unrXbj4kdRM7OzVAqZ03WRqpNlGpD0pRySIVLZQ root@ubuntu-bionic (ECDSA)
<14>Mar 18 00:25:08 cloud-init: 256 SHA256:rT1tfLAduGq+36SCodObyWWciKQ+B501GBSs5uX0nZY root@ubuntu-bionic (ED25519)
<14>Mar 18 00:25:08 cloud-init: 2048 SHA256:CyL/A7YexhmKKophHC/F3rn0958D6aidH8fBBCsMGbc root@ubuntu-bionic (RSA)
<14>Mar 18 00:25:08 cloud-init: -----END SSH HOST KEY FINGERPRINTS-----
<14>Mar 18 00:25:08 cloud-init: #############################################################
-----BEGIN SSH HOST KEY KEYS-----
ecdsa-sha2-nistp256 AAAAE2VjZHNhLXNoYTItbmlzdHAyNTYAAAAIbmlzdHAyNTYAAABBBD4ehHlYWDgSrbqoc0CsZMclVvfeLDn+39i7ghMUgyd5kfDNKvcWViGR1fHNQ/1MBPLIgbwFPqJyyauE8CwyQD4= root@ubuntu-bionic
ssh-ed25519 AAAAC3NzaC1lZDI1NTE5AAAAIE1IcmlOkedJjZkOwFay1Ko/vpJsG2qHVKOABj7B2Dfi root@ubuntu-bionic
ssh-rsa AAAAB3NzaC1yc2EAAAADAQABAAABAQDfDw3w5Yf9wfKRuwqLbk+S3l8rodxxrRQFUvjkLO6pBzvQWD0y0FJiBEskQxdsPAJ7w1G4McTTC/An80KbNNZs22HWWgUOnHHQnIQU+nyx34OuiSdKUaxE56N/tKUC9Wab13LCNOUl+5Tsf17QXKRz1jWMoNl4BdqY11w9NZaVNtYfQNL0GdUJnIww4r0Cz/Q2W3PqrjSGboZO5Vc1CgzYdMOGagbFA6wP7Utf6havmr2xqXkKWO6RESs2sd4uNZCMw9Cc1ZMFVp/VCefnPshz1MjgAatoORD/po4+hEgWjfn0iADZwHyle9PcLk9KTnJhoLNhts0Emx4tJ/TnbwDd root@ubuntu-bionic
-----END SSH HOST KEY KEYS-----
[   34.178626] cloud-init[1666]: Cloud-init v. 23.1.2-0ubuntu0~18.04.1 running 'modules:final' at Tue, 18 Mar 2025 00:25:08 +0000. Up 33.47 seconds.
[   34.224304] cloud-init[1666]: Cloud-init v. 23.1.2-0ubuntu0~18.04.1 finished at Tue, 18 Mar 2025 00:25:08 +0000. Datasource DataSourceNoCloud [seed=/dev/sdb][dsmode=net].  Up 34.17 seconds
